✔ a new action family links from production content before startup state validation (755.5479ms)
✔ Processing UI explains no-power rejection and preserves loaded stock and IDs (590.857ms)
✔ Processing UI loads, stages, reviews loss and unloads disabled equipment at 1440px (853.3648ms)
✔ Processing UI loads, stages, reviews loss and unloads disabled equipment at 390px (832.7142ms)
✔ shared cargo displays exact decimals and transfers one quantum through reload (407.4306ms)
✔ discard previews, cancellation, confirmation and overload recovery at 1440px (596.9359ms)
✔ discard previews, cancellation, confirmation and overload recovery at 390px (582.5957ms)
✔ discard save failure and a switch to private passenger inventory preserve cargo (413.3401ms)
✔ old save migration persists once and a failed migration write preserves the old save (437.0009ms)
✔ startup, keyboard navigation, hidden controls, and presentation-only switching (406.548ms)
✔ Workshop crafting, feedback, selections, commands, and reload (856.1368ms)
✔ hidden log receives messages, preserves reading position and follows the tail (375.9558ms)
✔ a future third panel registers without controller changes, with validation and focus recovery (222.2589ms)
✔ additional tabs scroll into view without moving the page (226.1794ms)
✔ simulation continues while Workshop is active (1169.4642ms)
✔ responsive panels keep controls reachable and preserve Workshop scroll (858.1676ms)
✔ malformed saves show the original failure and remain untouched (209.4294ms)
✔ location browsing, selection and zoom are presentation-only; travel updates every local display (2890.8946ms)
✔ transfer form sends and receives cargo through saved actions (366.7201ms)
✔ failed travel preserves location, tab, tint, graph history and arrival log (332.2138ms)
✔ mousewheel zoom, unselected dominance and bounded local views (910.4075ms)
✔ ship area travel resumes after reload, pauses when hidden, and preserves aboard identity (13693.9764ms)
✔ unowned passenger ship navigation hides assets and clears previous crafting and transfer controls (2570.813ms)
✔ failed arrival saving leaves the journey intact and does not announce docking (2445.8177ms)
✔ touch, keyboard, narrow map layout and reduced-motion alternatives (505.7958ms)
✔ People browsing is presentation only; requests persist across tabs, inspection and reload (714.942ms)
✔ dialogue failures preserve passage and terminal relocation leaves a readable farewell (583.7867ms)
✔ People mobile flow preserves conversation while browsing, ignores digit directives and maintains focus (700.012ms)
✔ ship arrival during dialogue keeps People selected and disembarking closes contact (2482.7376ms)
✔ current-version content recovery notifies and preserves NPC and request history (435.4252ms)
✔ long dialogue and wrapping replies stay reachable without moving the reader on simulation updates (689.4769ms)
✔ Research previews are read-only, experiments advance knowledge, and exhausted setups spend nothing (781.9842ms)
✔ Research save failures do not publish discoveries or consume the next random outcome (353.3643ms)
✔ Research clears samples on location changes and keeps passenger assets private (523.2655ms)
✔ Mira's technical advice supplies a saved optional clue to research (434.6024ms)
✔ legacy research migration preserves former recipes and reports the compatibility grant (340.415ms)
✔ Research keyboard controls, mobile layout and a long journal stay usable (1882.3711ms)
✔ new research evidence is available after reload without resetting existing progress (463.8477ms)
✔ generated instances use browser rosters, map commands, scenes, and saved contact lifecycle (819.6977ms)
✔ generated research history and controller access render independently of title ownership (651.0416ms)
✔ authored inspection spawns and activates entities visible in navigation and after reload (452.1928ms)
✔ experimental completion rewards spawn once and survive research UI reload (424.243ms)
✔ blocked experimental rewards publish feedback without partial research or entity changes (348.7916ms)
✔ ledger defaults missing v8 history without replay and retains removed content through a subsequent action (421.8827ms)
✔ malformed historical identities stop startup and preserve the original ledger save (305.6958ms)
ℹ tests 45
ℹ suites 0
ℹ pass 45
ℹ fail 0
ℹ cancelled 0
ℹ skipped 0
ℹ todo 0
ℹ duration_ms 47745.0935
